main.c:82:6:HAL_TIM_PeriodElapsedCallback	24	static
main.c:111:6:HAL_UART_RxCpltCallback	16	static
main.c:123:6:HAL_UART_TxCpltCallback	16	static
main.c:140:5:main	16	static
main.c:220:6:SystemClock_Config	88	static
main.c:266:13:MX_TIM1_Init	32	static
main.c:312:13:MX_TIM2_Init	32	static
main.c:357:13:MX_USART1_UART_Init	8	static
main.c:390:13:MX_USART3_UART_Init	8	static
main.c:421:13:MX_DMA_Init	16	static
main.c:439:13:MX_GPIO_Init	40	static
main.c:478:6:Error_Handler	4	static,ignoring_inline_asm
